// Jest Snapshot v1, https://goo.gl/fbAQLP

exports[`ValueFormTests should match the InputField snapshot 1`] = `ShallowWrapper {}`;
