// Jest Snapshot v1, https://goo.gl/fbAQLP

exports[`Dashboard should match the Home snapshot 1`] = `ShallowWrapper {}`;
