// Jest Snapshot v1, https://goo.gl/fbAQLP

exports[`DatePickerTests should match the DatePicker snapshot 1`] = `ShallowWrapper {}`;
