// Jest Snapshot v1, https://goo.gl/fbAQLP

exports[`StockSelector should match the Home snapshot 1`] = `ShallowWrapper {}`;
