// Jest Snapshot v1, https://goo.gl/fbAQLP

exports[`StockSelector Tests should match the Home snapshot 1`] = `ShallowWrapper {}`;
